python : INFO:reverser_diagnostics.pcan_reverser:PCAN connected on channel c_ushort(81), bitrate c_ushort(284)
At C:\Users\BaruchZilberg\AppData\Local\Temp\ps-script-ebafa6e4-acd3-421e-b1cc-4105111dcc93.ps1:89 char:86
+ ... t + PCAN" ; python -m reverser_diagnostics.test_reverser 2>&1 > test_ ...
+                 ~~~~~~~~~~~~~~~~~~~~~~~~~~~~~~~~~~~~~~~~~~~~~~~~~~~~~~~~~
    + CategoryInfo          : NotSpecified: (INFO:reverser_d...e c_ushort(284):String) [], RemoteException
    + FullyQualifiedErrorId : NativeCommandError
 
INFO:__main__:Starting full reverser diagnostics...
WARNING:reverser_diagnostics.pcan_reverser:Timeout waiting for gear 2 (last_actual_gear=None)
WARNING:reverser_diagnostics.pcan_reverser:Timeout waiting for gear 3 (last_actual_gear=None)

============================================================
TRC_Supply_SNS Switch Test
============================================================
Waiting for initial TRC_Supply_SNS voltage reading...
Please toggle the TRC supply switch now...
Waiting for voltage change (timeout: 15.0s)...
INFO:reverser_diagnostics.pcan_reverser:PCAN disconnected
INFO:__main__:
===== STEP SUMMARY =====
INFO:__main__:1) Reset: FAIL - Missing telemetry after reset: ReverserTelemetry, AnalogTelemetry
INFO:__main__:2) Connectivity: FAIL - Missing telemetry: ReverserTelemetry, AnalogTelemetry
INFO:__main__:3) Configuration: FAIL - No AnalogTelemetry received yet
INFO:__main__:4) Manual: FAIL
INFO:__main__:5) Operational: FAIL - Bad op baseline on: CH_A_OUT_SNS, CH_B_OUT_SNS, CH_C_OUT_SNS, CH_D_OUT_SNS, 
CH_E_OUT_SNS, CH_F_OUT_SNS, CH_G_OUT_SNS, CH_H_OUT_SNS
INFO:__main__:6) Forward (all ON): FAIL - gear did not reach FORWARD | Forward mismatch on: CH_A_OUT_SNS, 
CH_B_OUT_SNS, CH_C_OUT_SNS, CH_D_OUT_SNS, CH_E_OUT_SNS, CH_F_OUT_SNS, CH_G_OUT_SNS, CH_H_OUT_SNS
INFO:__main__:7) Reverse (all OFF): FAIL - gear did not reach REVERSE | Reverse mismatch on: CH_A_OUT_SNS, 
CH_B_OUT_SNS, CH_C_OUT_SNS, CH_D_OUT_SNS, CH_E_OUT_SNS, CH_F_OUT_SNS, CH_G_OUT_SNS, CH_H_OUT_SNS
INFO:__main__:8) TRC_Supply_SNS Switch: FAIL - FAIL - No TRC_Supply_SNS voltage change detected within 15.0s timeout 
(no valid initial state captured)
INFO:__main__:
==========================================================================================
 Per-Channel Diagnostics
==========================================================================================
Channel      | Manual [mV] | Forward [mV] | Reverse [mV] | Manual OK | Changed   | Back     
------------+------------+------------+------------+----------+----------+----------
CH_A_OUT_SNS |           ù |           ù |           ù | FAIL      | FAIL      | FAIL     
CH_B_OUT_SNS |           ù |           ù |           ù | FAIL      | FAIL      | FAIL     
CH_C_OUT_SNS |           ù |           ù |           ù | FAIL      | FAIL      | FAIL     
CH_D_OUT_SNS |           ù |           ù |           ù | FAIL      | FAIL      | FAIL     
CH_E_OUT_SNS |           ù |           ù |           ù | FAIL      | FAIL      | FAIL     
CH_F_OUT_SNS |           ù |           ù |           ù | FAIL      | FAIL      | FAIL     
CH_G_OUT_SNS |           ù |           ù |           ù | FAIL      | FAIL      | FAIL     
CH_H_OUT_SNS |           ù |           ù |           ù | FAIL      | FAIL      | FAIL     
INFO:__main__:
FINAL RESULT: FAIL
